[dotenv@17.2.3] injecting env (2) from .env -- tip: ΓÜÖ∩╕Å  write to custom object with { processEnv: myObject }
[dotenv@17.2.3] injecting env (0) from .env.local -- tip: ≡ƒöæ add access controls to secrets: https://dotenvx.com/ops

≡ƒöæ Using API Key: AIzaSyBhTE...

--------------------------------------------------
≡ƒÜÇ Attempting to initialize and test models...
--------------------------------------------------
Γ¥î gemini-1.5-flash                    : 404 Not Found
Γ¥î gemini-1.5-pro                      : 404 Not Found
Γ¥î gemini-2.0-flash                    : 403 Permission Denied
Γ¥î gemini-2.5-flash                    : 403 Permission Denied
Γ¥î gemini-2.0-flash-lite               : 403 Permission Denied
Γ¥î gemini-2.5-flash-lite               : 403 Permission Denied
Γ¥î gemini-2.5-flash-tts                : 404 Not Found
Γ¥î gemini-2.5-pro                      : 403 Permission Denied
Γ¥î gemini-3-pro                        : 404 Not Found
Γ¥î gemini-robotics-er-1.5-preview      : 403 Permission Denied
Γ¥î gemma-3-12b                         : 404 Not Found
Γ¥î gemma-3-1b                          : 404 Not Found
Γ¥î gemma-3-27b                         : 404 Not Found
Γ¥î gemma-3-2b                          : 404 Not Found
Γ¥î gemma-3-4b                          : 404 Not Found
Γ¥î learnlm-2.0-flash-experimental      : 403 Permission Denied
Γ¥î gemini-2.0-flash-exp                : Error
Γ¥î gemini-2.0-flash-live               : 404 Not Found
Γ¥î gemini-2.5-flash-live               : 404 Not Found
Γ¥î gemini-2.5-flash-native-audio-dialog : 404 Not Found
--------------------------------------------------

